// Jest Snapshot v1, https://goo.gl/fbAQLP

exports[`<FollowRequestModal /> snapshot of the component 1`] = `
<Modal
  animationType="none"
  hardwareAccelerated={false}
  hideModalContentWhileAnimating={false}
  onModalHide={[Function]}
  onModalWillHide={[Function]}
  onModalWillShow={[Function]}
  onRequestClose={[Function]}
  scrollHorizontal={false}
  scrollOffset={0}
  scrollOffsetMax={0}
  scrollTo={null}
  supportedOrientations={
    Array [
      "portrait",
      "landscape",
    ]
  }
  swipeThreshold={100}
  transparent={true}
  visible={true}
>
  <View
    accessible={true}
    focusable={true}
    onClick={[Function]}
    onResponderGrant={[Function]}
    onResponderMove={[Function]}
    onResponderRelease={[Function]}
    onResponderTerminate={[Function]}
    onResponderTerminationRequest={[Function]}
    onStartShouldSetResponder={[Function]}
    style={
      Object {
        "backgroundColor": "black",
        "bottom": 0,
        "height": 1334,
        "left": 0,
        "opacity": 0,
        "position": "absolute",
        "right": 0,
        "top": 0,
        "width": 750,
      }
    }
  />
  <View
    hideModalContentWhileAnimating={false}
    onModalHide={[Function]}
    onModalWillHide={[Function]}
    onModalWillShow={[Function]}
    pointerEvents="box-none"
    scrollHorizontal={false}
    scrollOffset={0}
    scrollOffsetMax={0}
    scrollTo={null}
    style={
      Object {
        "alignItems": "center",
        "alignSelf": "center",
        "backgroundColor": "#FCFCFC",
        "borderRadius": 20,
        "flex": 1,
        "height": 333.5,
        "justifyContent": "space-evenly",
        "margin": 37.5,
        "marginTop": 296.44444444444446,
        "maxHeight": 350,
        "transform": Array [
          Object {
            "translateY": 1334,
          },
        ],
        "width": 681.8181818181818,
      }
    }
    supportedOrientations={
      Array [
        "portrait",
        "landscape",
      ]
    }
    swipeThreshold={100}
  >
    <View>
      <View
        style={
          Object {
            "flexDirection": "row",
            "justifyContent": "space-between",
            "width": 625,
          }
        }
      >
        <Image
          style={
            Object {
              "alignSelf": "center",
              "borderRadius": 30,
              "height": 60,
              "overflow": "hidden",
              "width": 60,
            }
          }
        />
        <View
          style={
            Object {
              "marginLeft": 10,
            }
          }
        >
          <Text
            style={
              Object {
                "color": "black",
                "fontFamily": "poppins-bold",
                "fontSize": 13,
                "margin": "auto",
                "textAlign": "left",
              }
            }
          >
            Kim
          </Text>
          <Text
            style={
              Object {
                "color": "black",
                "fontFamily": "poppins-medium",
                "fontSize": 13,
                "textAlign": "left",
                "width": 200,
              }
            }
          >
            Kim is a very good app tester...
          </Text>
          <View
            style={
              Object {
                "flexDirection": "row",
                "marginBottom": 5,
                "marginTop": 5,
              }
            }
          >
            <Image
              source={1}
              style={
                Object {
                  "height": 13,
                  "marginRight": 5,
                  "resizeMode": "contain",
                  "width": 10,
                }
              }
            />
            <Text
              style={
                Object {
                  "color": "black",
                  "fontFamily": "poppins-light",
                  "fontSize": 11,
                  "margin": "auto",
                  "textAlign": "left",
                }
              }
            >
               
              in NaN years
               
            </Text>
          </View>
        </View>
        <View
          style={
            Object {
              "flexDirection": "row",
            }
          }
        >
          <Image
            source={1}
            style={
              Object {
                "height": 13,
                "marginTop": 4,
                "width": 13,
              }
            }
          />
          <Text
            style={
              Object {
                "alignSelf": "flex-start",
                "color": "#F8AE39",
              }
            }
          >
             
             
            km
             
          </Text>
        </View>
      </View>
      <View
        style={
          Object {
            "alignItems": "flex-start",
            "alignSelf": "center",
            "backgroundColor": "#DDDDDD",
            "borderRadius": 20,
            "flexDirection": "column",
            "justifyContent": "space-between",
            "padding": 15,
            "width": 625,
          }
        }
      >
        <Text
          style={
            Object {
              "color": "black",
              "fontFamily": "poppins-bold",
              "fontSize": 13,
              "margin": "auto",
              "textAlign": "left",
            }
          }
        >
          Intent:
        </Text>
        <Text
          style={
            Object {
              "color": "black",
              "fontFamily": "poppins-light",
              "fontSize": 13,
              "margin": "auto",
              "textAlign": "left",
            }
          }
        >
          Unit Testing
        </Text>
        <Text
          style={
            Object {
              "color": "black",
              "fontFamily": "poppins-bold",
              "fontSize": 13,
              "margin": "auto",
              "textAlign": "left",
            }
          }
        >
          Message:
        </Text>
        <Text
          style={
            Object {
              "color": "black",
              "fontFamily": "poppins-light",
              "fontSize": 13,
              "margin": "auto",
              "textAlign": "left",
            }
          }
        >
          I want to help you do unit tests
        </Text>
      </View>
      <View
        flexDirection="row"
        style={
          Object {
            "alignItems": "space-between",
            "borderColor": "orange",
            "borderWidth": 0,
            "justifyContent": "space-between",
            "marginTop": 20,
            "width": 625,
          }
        }
      >
        <View
          accessible={true}
          focusable={true}
          isTVSelectable={true}
          onClick={[Function]}
          onResponderGrant={[Function]}
          onResponderMove={[Function]}
          onResponderRelease={[Function]}
          onResponderTerminate={[Function]}
          onResponderTerminationRequest={[Function]}
          onStartShouldSetResponder={[Function]}
          style={
            Object {
              "alignItems": "center",
              "backgroundColor": "black",
              "borderColor": "black",
              "borderRadius": 7.5,
              "borderWidth": 1,
              "flexDirection": "row",
              "height": 35,
              "justifyContent": "center",
              "opacity": 1,
              "width": "47%",
            }
          }
        >
          <Text
            style={
              Object {
                "color": "white",
                "fontFamily": "poppins-medium",
                "fontSize": 10,
              }
            }
          >
            ACCEPT
          </Text>
        </View>
        <View
          accessible={true}
          focusable={true}
          isTVSelectable={true}
          onClick={[Function]}
          onResponderGrant={[Function]}
          onResponderMove={[Function]}
          onResponderRelease={[Function]}
          onResponderTerminate={[Function]}
          onResponderTerminationRequest={[Function]}
          onStartShouldSetResponder={[Function]}
          style={
            Object {
              "alignItems": "center",
              "backgroundColor": "white",
              "borderColor": "black",
              "borderRadius": 7.5,
              "borderWidth": 1,
              "flexDirection": "row",
              "height": 35,
              "justifyContent": "center",
              "opacity": 1,
              "width": "47%",
            }
          }
        >
          <Text
            style={
              Object {
                "color": "black",
                "fontFamily": "poppins-medium",
                "fontSize": 10,
              }
            }
          >
            DECLINE
          </Text>
        </View>
      </View>
    </View>
  </View>
</Modal>
`;
