// Jest Snapshot v1, https://goo.gl/fbAQLP

exports[`WideButtonRight renders correctly 1`] = `
<View
  style={
    Object {
      "alignItems": "center",
      "backgroundColor": "white",
      "borderRadius": 25,
      "display": "flex",
      "height": 54.12,
      "justifyContent": "center",
      "marginLeft": "auto",
      "marginRight": "auto",
      "width": 400.88,
    }
  }
>
  <View
    style={
      Object {
        "alignItems": "center",
        "flexDirection": "row",
        "justifyContent": "center",
      }
    }
  >
    <View
      style={
        Object {
          "marginLeft": 10,
          "marginRight": 10,
        }
      }
    >
      <Text
        style={
          Object {
            "color": "black",
            "fontFamily": "poppins-medium",
            "fontSize": 15,
          }
        }
      />
    </View>
  </View>
</View>
`;

exports[`WideButtonRight renders correctly 2`] = `
<View
  style={
    Object {
      "alignItems": "center",
      "backgroundColor": "white",
      "borderRadius": 25,
      "display": "flex",
      "height": 54.12,
      "justifyContent": "center",
      "marginLeft": "auto",
      "marginRight": "auto",
      "width": 400.88,
    }
  }
>
  <View
    style={
      Object {
        "alignItems": "center",
        "flexDirection": "row",
        "justifyContent": "center",
      }
    }
  >
    <View
      style={
        Object {
          "marginLeft": 10,
          "marginRight": 10,
        }
      }
    >
      <Text
        style={
          Object {
            "color": "black",
            "fontFamily": "poppins-medium",
            "fontSize": 15,
          }
        }
      />
    </View>
  </View>
</View>
`;

exports[`WideButtonRight renders correctly 3`] = `
<View
  style={
    Object {
      "alignItems": "center",
      "backgroundColor": "white",
      "borderRadius": 25,
      "display": "flex",
      "height": 54.12,
      "justifyContent": "center",
      "marginLeft": "auto",
      "marginRight": "auto",
      "width": 400.88,
    }
  }
>
  <View
    style={
      Object {
        "alignItems": "center",
        "flexDirection": "row",
        "justifyContent": "center",
      }
    }
  >
    <View
      style={
        Object {
          "marginLeft": 10,
          "marginRight": 10,
        }
      }
    >
      <Text
        style={
          Object {
            "color": "black",
            "fontFamily": "poppins-medium",
            "fontSize": 15,
          }
        }
      />
    </View>
  </View>
</View>
`;

exports[`WideButtonRight renders correctly 4`] = `
<View
  style={
    Object {
      "alignItems": "center",
      "backgroundColor": "white",
      "borderRadius": 25,
      "display": "flex",
      "height": 54.12,
      "justifyContent": "center",
      "marginLeft": "auto",
      "marginRight": "auto",
      "width": 400.88,
    }
  }
>
  <View
    style={
      Object {
        "alignItems": "center",
        "flexDirection": "row",
        "justifyContent": "center",
      }
    }
  >
    <View
      style={
        Object {
          "marginLeft": 10,
          "marginRight": 10,
        }
      }
    >
      <Text
        style={
          Object {
            "color": "black",
            "fontFamily": "poppins-medium",
            "fontSize": 15,
          }
        }
      />
    </View>
  </View>
</View>
`;
